[    0.000000] Linux version 4.15.0-143-generic (buildd@lcy01-amd64-001) (gcc version 7.5.0 (Ubuntu 7.5.0-3ubuntu1~18.04)) #147-Ubuntu SMP Wed Apr 14 16:10:11 UTC 2021 (Ubuntu 4.15.0-143.147-generic 4.15.18)
[    0.000000] Command line: BOOT_IMAGE=/boot/vmlinuz-4.15.0-143-generic root=LABEL=cloudimg-rootfs ro console=tty1 console=ttyS0
[    0.000000] KERNEL supported cpus:
[    0.000000]   Intel GenuineIntel
[    0.000000]   AMD AuthenticAMD
[    0.000000]   Centaur CentaurHauls
[    0.000000] x86/fpu: x87 FPU will use FXSAVE
[    0.000000] e820: BIOS-provided physical RAM map:
[    0.000000] BIOS-e820: [mem 0x0000000000000000-0x000000000009fbff] usable
[    0.000000] BIOS-e820: [mem 0x000000000009fc00-0x000000000009ffff] reserved
[    0.000000] BIOS-e820: [mem 0x00000000000f0000-0x00000000000fffff] reserved
[    0.000000] BIOS-e820: [mem 0x0000000000100000-0x00000000dffeffff] usable
[    0.000000] BIOS-e820: [mem 0x00000000dfff0000-0x00000000dfffffff] ACPI data
[    0.000000] BIOS-e820: [mem 0x00000000fec00000-0x00000000fec00fff] reserved
[    0.000000] BIOS-e820: [mem 0x00000000fee00000-0x00000000fee00fff] reserved
[    0.000000] BIOS-e820: [mem 0x00000000fffc0000-0x00000000ffffffff] reserved
[    0.000000] BIOS-e820: [mem 0x0000000100000000-0x000000021fffffff] usable
[    0.000000] NX (Execute Disable) protection: active
[    0.000000] SMBIOS 2.5 present.
[    0.000000] DMI: innotek GmbH VirtualBox/VirtualBox, BIOS VirtualBox 12/01/2006
[    0.000000] Hypervisor detected: KVM
[    0.000000] e820: last_pfn = 0x220000 max_arch_pfn = 0x400000000
[    0.000000] MTRR: Disabled
[    0.000000] x86/PAT: MTRRs disabled, skipping PAT initialization too.
[    0.000000] CPU MTRRs all blank - virtualized system.
[    0.000000] x86/PAT: Configuration [0-7]: WB  WT  UC- UC  WB  WT  UC- UC  
[    0.000000] e820: last_pfn = 0xdfff0 max_arch_pfn = 0x400000000
[    0.000000] found SMP MP-table at [mem 0x0009fff0-0x0009ffff]
[    0.000000] Scanning 1 areas for low memory corruption
[    0.000000] RAMDISK: [mem 0x359cf000-0x36cdefff]
[    0.000000] ACPI: Early table checksum verification disabled
[    0.000000] ACPI: RSDP 0x00000000000E0000 000024 (v02 VBOX  )
[    0.000000] ACPI: XSDT 0x00000000DFFF0030 00003C (v01 VBOX   VBOXXSDT 00000001 ASL  00000061)
[    0.000000] ACPI: FACP 0x00000000DFFF00F0 0000F4 (v04 VBOX   VBOXFACP 00000001 ASL  00000061)
[    0.000000] ACPI: DSDT 0x00000000DFFF0480 002325 (v02 VBOX   VBOXBIOS 00000002 INTL 20100528)
[    0.000000] ACPI: FACS 0x00000000DFFF0200 000040
[    0.000000] ACPI: FACS 0x00000000DFFF0200 000040
[    0.000000] ACPI: APIC 0x00000000DFFF0240 00006C (v02 VBOX   VBOXAPIC 00000001 ASL  00000061)
[    0.000000] ACPI: SSDT 0x00000000DFFF02B0 0001CC (v01 VBOX   VBOXCPUT 00000002 INTL 20100528)
[    0.000000] No NUMA configuration found
[    0.000000] Faking a node at [mem 0x0000000000000000-0x000000021fffffff]
[    0.000000] NODE_DATA(0) allocated [mem 0x21ffd1000-0x21fffbfff]
[    0.000000] kvm-clock: cpu 0, msr 2:1ff50001, primary cpu clock
[    0.000000] kvm-clock: Using msrs 4b564d01 and 4b564d00
[    0.000000] kvm-clock: using sched offset of 4650769965 cycles
[    0.000000] clocksource: kvm-clock: mask: 0xffffffffffffffff max_cycles: 0x1cd42e4dffb, max_idle_ns: 881590591483 ns
[    0.000000] Zone ranges:
[    0.000000]   DMA      [mem 0x0000000000001000-0x0000000000ffffff]
[    0.000000]   DMA32    [mem 0x0000000001000000-0x00000000ffffffff]
[    0.000000]   Normal   [mem 0x0000000100000000-0x000000021fffffff]
[    0.000000]   Device   empty
[    0.000000] Movable zone start for each node
[    0.000000] Early memory node ranges
[    0.000000]   node   0: [mem 0x0000000000001000-0x000000000009efff]
[    0.000000]   node   0: [mem 0x0000000000100000-0x00000000dffeffff]
[    0.000000]   node   0: [mem 0x0000000100000000-0x000000021fffffff]
[    0.000000] Reserved but unavailable: 98 pages
[    0.000000] Initmem setup node 0 [mem 0x0000000000001000-0x000000021fffffff]
[    0.000000] ACPI: PM-Timer IO Port: 0x4008
[    0.000000] IOAPIC[0]: apic_id 4, version 32, address 0xfec00000, GSI 0-23
[    0.000000] ACPI: INT_SRC_OVR (bus 0 bus_irq 0 global_irq 2 dfl dfl)
[    0.000000] ACPI: INT_SRC_OVR (bus 0 bus_irq 9 global_irq 9 low level)
[    0.000000] Using ACPI (MADT) for SMP configuration information
[    0.000000] smpboot: Allowing 4 CPUs, 0 hotplug CPUs
[    0.000000] PM: Registered nosave memory: [mem 0x00000000-0x00000fff]
[    0.000000] PM: Registered nosave memory: [mem 0x0009f000-0x0009ffff]
[    0.000000] PM: Registered nosave memory: [mem 0x000a0000-0x000effff]
[    0.000000] PM: Registered nosave memory: [mem 0x000f0000-0x000fffff]
[    0.000000] PM: Registered nosave memory: [mem 0xdfff0000-0xdfffffff]
[    0.000000] PM: Registered nosave memory: [mem 0xe0000000-0xfebfffff]
[    0.000000] PM: Registered nosave memory: [mem 0xfec00000-0xfec00fff]
[    0.000000] PM: Registered nosave memory: [mem 0xfec01000-0xfedfffff]
[    0.000000] PM: Registered nosave memory: [mem 0xfee00000-0xfee00fff]
[    0.000000] PM: Registered nosave memory: [mem 0xfee01000-0xfffbffff]
[    0.000000] PM: Registered nosave memory: [mem 0xfffc0000-0xffffffff]
[    0.000000] e820: [mem 0xe0000000-0xfebfffff] available for PCI devices
[    0.000000] Booting paravirtualized kernel on KVM
[    0.000000] clocksource: refined-jiffies: mask: 0xffffffff max_cycles: 0xffffffff, max_idle_ns: 7645519600211568 ns
[    0.000000] random: get_random_bytes called from start_kernel+0x99/0x500 with crng_init=0
[    0.000000] setup_percpu: NR_CPUS:8192 nr_cpumask_bits:4 nr_cpu_ids:4 nr_node_ids:1
[    0.000000] percpu: Embedded 45 pages/cpu s147456 r8192 d28672 u524288
[    0.000000] PV qspinlock hash table entries: 256 (order: 0, 4096 bytes)
[    0.000000] Built 1 zonelists, mobility grouping on.  Total pages: 2064249
[    0.000000] Policy zone: Normal
[    0.000000] Kernel command line: BOOT_IMAGE=/boot/vmlinuz-4.15.0-143-generic root=LABEL=cloudimg-rootfs ro console=tty1 console=ttyS0
[    0.000000] Memory: 8141736K/8388152K available (12300K kernel code, 2483K rwdata, 4316K rodata, 2444K init, 2724K bss, 246416K reserved, 0K cma-reserved)
[    0.000000] SLUB: HWalign=64, Order=0-3, MinObjects=0, CPUs=4, Nodes=1
[    0.000000] ftrace: allocating 39437 entries in 155 pages
[    0.004000] Hierarchical RCU implementation.
[    0.004000] 	RCU restricting CPUs from NR_CPUS=8192 to nr_cpu_ids=4.
[    0.004000] 	Tasks RCU enabled.
[    0.004000] RCU: Adjusting geometry for rcu_fanout_leaf=16, nr_cpu_ids=4
[    0.004000] NR_IRQS: 524544, nr_irqs: 456, preallocated irqs: 16
[    0.004000] Console: colour VGA+ 80x25
[    0.004000] console [tty1] enabled
[    0.004000] console [ttyS0] enabled
[    0.004000] ACPI: Core revision 20170831
[    0.004000] ACPI: 2 ACPI AML tables successfully acquired and loaded
[    0.004000] APIC: Switch to symmetric I/O mode setup
[    0.004000] ..TIMER: vector=0x30 apic1=0 pin1=2 apic2=-1 pin2=-1
[    0.004000] tsc: Detected 2712.008 MHz processor
[    0.004000] Calibrating delay loop (skipped) preset value.. 5424.01 BogoMIPS (lpj=10848032)
[    0.004000] pid_max: default: 32768 minimum: 301
[    0.004000] Security Framework initialized
[    0.004004] Yama: becoming mindful.
[    0.008114] AppArmor: AppArmor initialized
[    0.049777] Dentry cache hash table entries: 1048576 (order: 11, 8388608 bytes)
[    0.076317] Inode-cache hash table entries: 524288 (order: 10, 4194304 bytes)
[    0.080598] Mount-cache hash table entries: 16384 (order: 5, 131072 bytes)
[    0.084391] Mountpoint-cache hash table entries: 16384 (order: 5, 131072 bytes)
[    0.093434] Last level iTLB entries: 4KB 64, 2MB 8, 4MB 8
[    0.096004] Last level dTLB entries: 4KB 64, 2MB 0, 4MB 0, 1GB 4
[    0.100005] Spectre V1 : Mitigation: usercopy/swapgs barriers and __user pointer sanitization
[    0.104003] Spectre V2 : Mitigation: Enhanced IBRS
[    0.108002] Spectre V2 : Spectre v2 / SpectreRSB mitigation: Filling RSB on context switch
[    0.112002] Speculative Store Bypass: Vulnerable
[    0.116038] MDS: Mitigation: Clear CPU buffers
[    0.120163] Freeing SMP alternatives memory: 36K
[    0.250816] APIC calibration not consistent with PM-Timer: 107ms instead of 100ms
[    0.252000] APIC delta adjusted to PM-Timer: 6443557 (6900677)
[    0.252320] smpboot: CPU0: Intel(R) Core(TM) i7-10850H CPU @ 2.70GHz (family: 0x6, model: 0xa5, stepping: 0x2)
[    0.256000] Performance Events: unsupported p6 CPU model 165 no PMU driver, software events only.
[    0.256000] Hierarchical SRCU implementation.
[    0.256000] NMI watchdog: Perf event create on CPU 0 failed with -2
[    0.256000] NMI watchdog: Perf NMI watchdog permanently disabled
[    0.256000] smp: Bringing up secondary CPUs ...
[    0.256000] x86: Booting SMP configuration:
[    0.256000] .... node  #0, CPUs:      #1
[    0.004000] kvm-clock: cpu 1, msr 2:1ff50041, secondary cpu clock
[    0.256000] TSC synchronization [CPU#0 -> CPU#1]:
[    0.256000] Measured 115179 cycles TSC warp between CPUs, turning off TSC clock.
[    0.256000] tsc: Marking TSC unstable due to check_tsc_sync_source failed
[    0.260566]  #2
[    0.004000] kvm-clock: cpu 2, msr 2:1ff50081, secondary cpu clock
[    0.268810]  #3
[    0.004000] kvm-clock: cpu 3, msr 2:1ff500c1, secondary cpu clock
[    0.284006] smp: Brought up 1 node, 4 CPUs
[    0.286894] smpboot: Max logical packages: 1
[    0.288101] smpboot: Total of 4 processors activated (21696.06 BogoMIPS)
[    0.300007] devtmpfs: initialized
[    0.302585] x86/mm: Memory block size: 128MB
[    0.305620] evm: security.selinux
[    0.308000] evm: security.SMACK64
[    0.308003] evm: security.SMACK64EXEC
[    0.312002] evm: security.SMACK64TRANSMUTE
[    0.314956] evm: security.SMACK64MMAP
[    0.316004] evm: security.apparmor
[    0.320003] evm: security.ima
[    0.322144] evm: security.capability
[    0.324437] clocksource: jiffies: mask: 0xffffffff max_cycles: 0xffffffff, max_idle_ns: 7645041785100000 ns
[    0.328015] futex hash table entries: 1024 (order: 4, 65536 bytes)
[    0.332231] pinctrl core: initialized pinctrl subsystem
[    0.336569] RTC time:  9:46:59, date: 05/22/21
[    0.341402] NET: Registered protocol family 16
[    0.344172] audit: initializing netlink subsys (disabled)
[    0.348164] audit: type=2000 audit(1621676827.665:1): state=initialized audit_enabled=0 res=1
[    0.356007] cpuidle: using governor ladder
[    0.360009] cpuidle: using governor menu
[    0.364043] ACPI: bus type PCI registered
[    0.367107] acpiphp: ACPI Hot Plug PCI Controller Driver version: 0.5
[    0.368531] PCI: Using configuration type 1 for base access
[    0.376364] HugeTLB registered 2.00 MiB page size, pre-allocated 0 pages
[    0.392309] ACPI: Added _OSI(Module Device)
[    0.396004] ACPI: Added _OSI(Processor Device)
[    0.404006] ACPI: Added _OSI(3.0 _SCP Extensions)
[    0.412004] ACPI: Added _OSI(Processor Aggregator Device)
[    0.420004] ACPI: Added _OSI(Linux-Dell-Video)
[    0.428006] ACPI: Added _OSI(Linux-Lenovo-NV-HDMI-Audio)
[    0.436004] ACPI: Added _OSI(Linux-HPI-Hybrid-Graphics)
[    0.440915] ACPI: Executed 1 blocks of module-level executable AML code
[    0.458832] ACPI: Interpreter enabled
[    0.468013] ACPI: (supports S0 S5)
[    0.472019] ACPI: Using IOAPIC for interrupt routing
[    0.480408] PCI: Using host bridge windows from ACPI; if necessary, use "pci=nocrs" and report a bug
[    0.492599] ACPI: Enabled 2 GPEs in block 00 to 07
[    0.514404] ACPI: PCI Root Bridge [PCI0] (domain 0000 [bus 00-ff])
[    0.524009] acpi PNP0A03:00: _OSC: OS supports [ASPM ClockPM Segments MSI]
[    0.536927] acpi PNP0A03:00: _OSC: not requesting OS control; OS requires [ExtendedConfig ASPM ClockPM MSI]
[    0.548018] acpi PNP0A03:00: fail to add MMCONFIG information, can't access extended PCI configuration space under this bridge.
[    0.557066] PCI host bridge to bus 0000:00
[    0.560005] pci_bus 0000:00: root bus resource [io  0x0000-0x0cf7 window]
[    0.568004] pci_bus 0000:00: root bus resource [io  0x0d00-0xffff window]
[    0.572007] pci_bus 0000:00: root bus resource [mem 0x000a0000-0x000bffff window]
[    0.580005] pci_bus 0000:00: root bus resource [mem 0xe0000000-0xfdffffff window]
[    0.584004] pci_bus 0000:00: root bus resource [bus 00-ff]
[    0.596626] pci 0000:00:01.1: legacy IDE quirk: reg 0x10: [io  0x01f0-0x01f7]
[    0.604003] pci 0000:00:01.1: legacy IDE quirk: reg 0x14: [io  0x03f6]
[    0.608005] pci 0000:00:01.1: legacy IDE quirk: reg 0x18: [io  0x0170-0x0177]
[    0.616026] pci 0000:00:01.1: legacy IDE quirk: reg 0x1c: [io  0x0376]
[    0.661348] pci 0000:00:07.0: quirk: [io  0x4000-0x403f] claimed by PIIX4 ACPI
[    0.676079] pci 0000:00:07.0: quirk: [io  0x4100-0x410f] claimed by PIIX4 SMB
[    0.702344] ACPI: PCI Interrupt Link [LNKA] (IRQs 5 9 10 *11)
[    0.716700] ACPI: PCI Interrupt Link [LNKB] (IRQs 5 9 *10 11)
[    0.724191] ACPI: PCI Interrupt Link [LNKC] (IRQs 5 *9 10 11)
[    0.736290] ACPI: PCI Interrupt Link [LNKD] (IRQs 5 9 10 *11)
[    0.744976] SCSI subsystem initialized
[    0.756300] pci 0000:00:02.0: vgaarb: setting as boot VGA device
[    0.760000] pci 0000:00:02.0: vgaarb: VGA device added: decodes=io+mem,owns=io+mem,locks=none
[    0.784008] pci 0000:00:02.0: vgaarb: bridge control possible
[    0.792006] vgaarb: loaded
[    0.796112] ACPI: bus type USB registered
[    0.804022] usbcore: registered new interface driver usbfs
[    0.812051] usbcore: registered new interface driver hub
[    0.820016] usbcore: registered new device driver usb
[    0.831160] EDAC MC: Ver: 3.0.0
[    0.840781] PCI: Using ACPI for IRQ routing
[    0.852823] NetLabel: Initializing
[    0.860004] NetLabel:  domain hash size = 128
[    0.868004] NetLabel:  protocols = UNLABELED CIPSOv4 CALIPSO
[    0.880038] NetLabel:  unlabeled traffic allowed by default
[    0.888694] clocksource: Switched to clocksource kvm-clock
[    0.946153] VFS: Disk quotas dquot_6.6.0
[    0.950168] VFS: Dquot-cache hash table entries: 512 (order 0, 4096 bytes)
[    0.956012] AppArmor: AppArmor Filesystem Enabled
[    0.959780] pnp: PnP ACPI init
[    0.964040] pnp: PnP ACPI: found 3 devices
[    0.978163] clocksource: acpi_pm: mask: 0xffffff max_cycles: 0xffffff, max_idle_ns: 2085701024 ns
[    0.985293] NET: Registered protocol family 2
[    0.989494] TCP established hash table entries: 65536 (order: 7, 524288 bytes)
[    0.997047] TCP bind hash table entries: 65536 (order: 8, 1048576 bytes)
[    1.005906] TCP: Hash tables configured (established 65536 bind 65536)
[    1.011164] UDP hash table entries: 4096 (order: 5, 131072 bytes)
[    1.017072] UDP-Lite hash table entries: 4096 (order: 5, 131072 bytes)
[    1.025461] NET: Registered protocol family 1
[    1.028957] pci 0000:00:00.0: Limiting direct PCI/PCI transfers
[    1.033810] pci 0000:00:01.0: Activating ISA DMA hang workarounds
[    1.039167] pci 0000:00:02.0: Video device with shadowed ROM at [mem 0x000c0000-0x000dffff]
[    1.045751] Unpacking initramfs...
[    1.595585] Freeing initrd memory: 19520K
[    1.599538] PCI-DMA: Using software bounce buffering for IO (SWIOTLB)
[    1.605812] software IO TLB: mapped [mem 0xdbff0000-0xdfff0000] (64MB)
[    1.610581] clocksource: tsc: mask: 0xffffffffffffffff max_cycles: 0x27178e04de3, max_idle_ns: 440795318971 ns
[    1.617613] platform rtc_cmos: registered platform RTC device (no PNP device found)
[    1.623232] Scanning for low memory corruption every 60 seconds
[    1.629153] Initialise system trusted keyrings
[    1.632655] Key type blacklist registered
[    1.636121] workingset: timestamp_bits=36 max_order=21 bucket_order=0
[    1.643147] zbud: loaded
[    1.646773] squashfs: version 4.0 (2009/01/31) Phillip Lougher
[    1.651760] fuse init (API version 7.26)
[    1.702240] Key type asymmetric registered
[    1.706332] Asymmetric key parser 'x509' registered
[    1.711345] Block layer SCSI generic (bsg) driver version 0.4 loaded (major 246)
[    1.717821] io scheduler noop registered
[    1.721058] io scheduler deadline registered
[    1.725419] io scheduler cfq registered (default)
[    1.730619] ACPI: AC Adapter [AC] (off-line)
[    1.734135] input: Power Button as /devices/LNXSYSTM:00/LNXPWRBN:00/input/input0
[    1.740282] ACPI: Power Button [PWRF]
[    1.743284] input: Sleep Button as /devices/LNXSYSTM:00/LNXSLPBN:00/input/input1
[    1.748982] ACPI: Sleep Button [SLPF]
[    1.752930] Serial: 8250/16550 driver, 32 ports, IRQ sharing enabled
[    1.754209] ACPI: Battery Slot [BAT0] (battery present)
[    1.788335] 00:02: ttyS0 at I/O 0x3f8 (irq = 4, base_baud = 115200) is a 16550A
[    1.797946] Linux agpgart interface v0.103
[    1.809912] loop: module loaded
[    1.814814] scsi host0: ata_piix
[    1.818819] scsi host1: ata_piix
[    1.821778] ata1: PATA max UDMA/33 cmd 0x1f0 ctl 0x3f6 bmdma 0xd000 irq 14
[    1.826703] ata2: PATA max UDMA/33 cmd 0x170 ctl 0x376 bmdma 0xd008 irq 15
[    1.831728] libphy: Fixed MDIO Bus: probed
[    1.836803] tun: Universal TUN/TAP device driver, 1.6
[    1.840810] PPP generic driver version 2.4.2
[    1.844115] ehci_hcd: USB 2.0 'Enhanced' Host Controller (EHCI) Driver
[    1.849131] ehci-pci: EHCI PCI platform driver
[    1.852507] ehci-platform: EHCI generic platform driver
[    1.856609] ohci_hcd: USB 1.1 'Open' Host Controller (OHCI) Driver
[    1.861054] ohci-pci: OHCI PCI platform driver
[    1.864486] ohci-platform: OHCI generic platform driver
[    1.868346] uhci_hcd: USB Universal Host Controller Interface driver
[    1.873043] i8042: PNP: PS/2 Controller [PNP0303:PS2K,PNP0f03:PS2M] at 0x60,0x64 irq 1,12
[    1.881621] serio: i8042 KBD port at 0x60,0x64 irq 1
[    1.887688] serio: i8042 AUX port at 0x60,0x64 irq 12
[    1.893840] mousedev: PS/2 mouse device common for all mice
[    1.902609] rtc_cmos rtc_cmos: rtc core: registered rtc_cmos as rtc0
[    1.911332] rtc_cmos rtc_cmos: alarms up to one day, 114 bytes nvram
[    1.917684] i2c /dev entries driver
[    1.920753] input: AT Translated Set 2 keyboard as /devices/platform/i8042/serio0/input/input2
[    1.924758] device-mapper: uevent: version 1.0.3
[    1.931748] device-mapper: ioctl: 4.37.0-ioctl (2017-09-20) initialised: dm-devel@redhat.com
[    1.939491] ledtrig-cpu: registered to indicate activity on CPUs
[    1.949876] NET: Registered protocol family 10
[    1.968058] Segment Routing with IPv6
[    1.972661] NET: Registered protocol family 17
[    1.977976] Key type dns_resolver registered
[    1.984237] mce: Using 0 MCE banks
[    1.987002] RAS: Correctable Errors collector initialized.
[    1.991258] sched_clock: Marking stable (1991212267, 0)->(4813868378, -2822656111)
[    2.052747] registered taskstats version 1
[    2.056883] Loading compiled-in X.509 certificates
[    2.067371] Loaded X.509 cert 'Build time autogenerated kernel key: de118354fe72448b469776565e76ac30c08e8db2'
[    2.076250] Loaded X.509 cert 'Canonical Ltd. Live Patch Signing: 14df34d1a87cf37625abec039ef2bf521249b969'
[    2.084551] Loaded X.509 cert 'Canonical Ltd. Kernel Module Signing: 88f752e560a1e0737e31163a466ad7b70a850c19'
[    2.096589] zswap: loaded using pool lzo/zbud
[    2.115367] Key type big_key registered
[    2.119019] Key type trusted registered
[    2.127228] Key type encrypted registered
[    2.130720] AppArmor: AppArmor sha1 policy hashing enabled
[    2.134910] ima: No TPM chip found, activating TPM-bypass! (rc=-19)
[    2.139902] ima: Allocated hash algorithm: sha1
[    2.143616] evm: HMAC attrs: 0x1
[    2.146957]   Magic number: 5:835:778
[    2.150795] rtc_cmos rtc_cmos: setting system clock to 2021-05-22 09:47:01 UTC (1621676821)
[    2.158029] BIOS EDD facility v0.16 2004-Jun-25, 0 devices found
[    2.162830] EDD information not available.
[    2.170337] Freeing unused kernel image memory: 2444K
[    2.190260] Write protecting the kernel read-only data: 20480k
[    2.200778] Freeing unused kernel image memory: 2008K
[    2.205554] Freeing unused kernel image memory: 1828K
[    2.217501] x86/mm: Checked W+X mappings: passed, no W+X pages found.
Loading, please wait...
starting version 237
[    2.326463] e1000: Intel(R) PRO/1000 Network Driver - version 7.3.21-k8-NAPI
[    2.334493] e1000: Copyright (c) 1999-2006 Intel Corporation.
[    2.353969] Fusion MPT base driver 3.04.20
[    2.363034] Copyright (c) 1999-2008 LSI Corporation
[    2.380060] Fusion MPT SPI Host driver 3.04.20
[    2.608657] input: ImExPS/2 Generic Explorer Mouse as /devices/platform/i8042/serio1/input/input4
[    3.266182] e1000 0000:00:03.0 eth0: (PCI:33MHz:32-bit) 02:99:e6:1d:88:6e
[    3.273485] e1000 0000:00:03.0 eth0: Intel(R) PRO/1000 Network Connection
[    3.284486] mptbase: ioc0: Initiating bringup
[    3.285397] e1000 0000:00:03.0 enp0s3: renamed from eth0
[    3.425538] ioc0: LSI53C1030 A0: Capabilities={Initiator}
[    4.507999] scsi host2: ioc0: LSI53C1030 A0, FwRev=00000000h, Ports=1, MaxQ=256, IRQ=20
[    4.694034] scsi 2:0:0:0: Direct-Access     VBOX     HARDDISK         1.0  PQ: 0 ANSI: 5
[    4.740813] scsi target2:0:0: Beginning Domain Validation
[    4.752828] random: fast init done
[    4.757737] scsi target2:0:0: Domain Validation skipping write tests
[    4.762761] scsi target2:0:0: Ending Domain Validation
[    4.767113] scsi target2:0:0: asynchronous
[    4.773163] scsi 2:0:1:0: Direct-Access     VBOX     HARDDISK         1.0  PQ: 0 ANSI: 5
[    4.813074] scsi target2:0:1: Beginning Domain Validation
[    4.831149] scsi target2:0:1: Domain Validation skipping write tests
[    4.836504] scsi target2:0:1: Ending Domain Validation
[    4.840885] scsi target2:0:1: asynchronous
[    4.859513] sd 2:0:0:0: Attached scsi generic sg0 type 0
[    4.859521] random: systemd-udevd: uninitialized urandom read (16 bytes read)
[    4.864353] sd 2:0:1:0: Attached scsi generic sg1 type 0
[    4.871639] sd 2:0:0:0: [sda] 83886080 512-byte logical blocks: (42.9 GB/40.0 GiB)
[    4.880636] random: systemd-udevd: uninitialized urandom read (16 bytes read)
[    4.880619] sd 2:0:1:0: [sdb] 20480 512-byte logical blocks: (10.5 MB/10.0 MiB)
[    4.885930] random: systemd-udevd: uninitialized urandom read (16 bytes read)
[    4.891767] sd 2:0:0:0: [sda] Write Protect is off
[    4.897283] sd 2:0:1:0: [sdb] Write Protect is off
[    4.905566] sd 2:0:1:0: [sdb] Incomplete mode parameter data
[    4.905715] sd 2:0:0:0: [sda] Incomplete mode parameter data
[    4.909443] sd 2:0:1:0: [sdb] Assuming drive cache: write through
[    4.914151] sd 2:0:0:0: [sda] Assuming drive cache: write through
[    4.931640]  sda: sda1
[    4.933881] sd 2:0:1:0: [sdb] Attached SCSI disk
[    4.941290] sd 2:0:0:0: [sda] Attached SCSI disk
Begin: Loading essential drivers ... [    7.728682] raid6: sse2x1   gen() 11562 MB/s
[    7.780306] raid6: sse2x1   xor()  6943 MB/s
[    7.832990] raid6: sse2x2   gen() 13362 MB/s
[    7.884338] raid6: sse2x2   xor()  7976 MB/s
[    7.936712] raid6: sse2x4   gen() 14465 MB/s
[    7.988484] raid6: sse2x4   xor()  9198 MB/s
[    7.992316] raid6: using algorithm sse2x4 gen() 14465 MB/s
[    7.996460] raid6: .... xor() 9198 MB/s, rmw enabled
[    7.999957] raid6: using ssse3x2 recovery algorithm
[    8.007703] xor: measuring software checksum speed
[    8.048776]    prefetch64-sse: 20588.000 MB/sec
[    8.093735]    generic_sse: 27879.000 MB/sec
[    8.097807] xor: using function: generic_sse (27879.000 MB/sec)
[    8.107363] async_tx: api initialized (async)
done.
Begin: Running /scripts/init-premount ... done.
Begin: Mounting root file system ... Begin: Running /scripts/local-top ... done.
Begin: Running /scripts/local-premount ... [    8.191531] Btrfs loaded, crc32c=crc32c-intel
Scanning for Btrfs filesystems
done.
Warning: fsck not present, so skipping root file system
[    8.251561] EXT4-fs (sda1): mounted filesystem with ordered data mode. Opts: (null)
done.
Begin: Running /scripts/local-bottom ... done.
Begin: Running /scripts/init-bottom ... done.
[    8.515932] ip_tables: (C) 2000-2006 Netfilter Core Team
[    8.535632] systemd[1]: systemd 237 running in system mode. (+PAM +AUDIT +SELINUX +IMA +APPARMOR +SMACK +SYSVINIT +UTMP +LIBCRYPTSETUP +GCRYPT +GNUTLS +ACL +XZ +LZ4 +SECCOMP +BLKID +ELFUTILS +KMOD -IDN2 +IDN -PCRE2 default-hierarchy=hybrid)
[    8.554246] systemd[1]: Detected virtualization oracle.
[    8.559080] systemd[1]: Detected architecture x86-64.

Welcome to [1mUbuntu 18.04.5 LTS[0m!

[    8.676427] systemd[1]: Set hostname to <ubuntu>.
[    8.686341] systemd[1]: Initializing machine ID from random generator.
[    8.692018] systemd[1]: Installed transient /etc/machine-id file.
[    9.118088] systemd[1]: Started Forward Password Requests to Wall Directory Watch.
[[0;32m  OK  [0m] Started Forward Password Requests to Wall Directory Watch.
[    9.128323] systemd[1]: Reached target System Time Synchronized.
[[0;32m  OK  [0m] Reached target System Time Synchronized.
[    9.135653] systemd[1]: Set up automount Arbitrary Executable File Formats File System Automount Point.
[[0;32m  OK  [0m] Set up automount Arbitrary Executabâ€¦rmats File System Automount Point.
[    9.197314] systemd[1]: Created slice System Slice.
[[0;32m  OK  [0m] Created slice System Slice.
[[0;32m  OK  [0m] Listening on /dev/initctl Compatibility Named Pipe.
[[0;32m  OK  [0m] Listening on Network Service Netlink Socket.
[[0;32m  OK  [0m] Listening on Journal Socket (/dev/log).
[[0;32m  OK  [0m] Listening on LVM2 metadata daemon socket.
[[0;32m  OK  [0m] Listening on Journal Socket.
         Mounting Kernel Debug File System...
         Starting Load Kernel Modules...
         Starting Uncomplicated firewall...
[[0;32m  OK  [0m] Listening on Journal Audit Socket.
         Mounting Huge Pages File System...
[[0;32m  OK  [0m] Listening on Syslog Socket.
         Starting Journal Service...
[[0;32m  OK  [0m] Reached target User and Group Name Lookups.
[[0;32m  OK  [0m] Listening on Device-mapper event daemon FIFOs.
[[0;32m  OK  [0m] Created slice system-serial\x2dgetty.slice.
[    9.269260] Loading iSCSI transport class v2.0-870.
         Starting Set the console keyboard layout...
         Starting Monitoring of LVM2 mirrorsâ€¦ng dmeventd or progress polling...
[[0;32m  OK  [0m] Reached target Swap.
[[0;32m  OK  [0m] Listening on fsck to fsckd communication Socket.
         Starting File System Check on Root Device...
[[0;32m  OK  [0m] Listening on udev Control Socket.
[[0;32m  OK  [0m] Created slice User and Session Slice.
[[0;32m  OK  [0m] Reached target Slices.
         Starting Create list of required stâ€¦ce nodes for the current kernel...
[[0;32m  OK  [0m] Listening on LVM2 poll daemon socket.
         Mounting POSIX Message Queue File System...
[[0;32m  OK  [0m] Listening on udev Kernel Socket.
         Starting udev Coldplug all Devices...
[[0;32m  OK  [0m] Mounted Kernel Debug File System.
[[0;32m  OK  [0m] Started Uncomplicated firewall.
[[0;32m  OK  [0m] Mounted Huge Pages File System.
[[0;32m  OK  [0m] Mounted POSIX Message Queue File System.
[[0;32m  OK  [0m] Started LVM2 metadata daemon.
[[0;32m  OK  [0m] Started File System Check Daemon to report status.
[[0;32m  OK  [0m] Started Create list of required staâ€¦vice nodes for the current kernel.
         Starting Create Static Device Nodes in /dev...
[    9.403358] iscsi: registered transport (tcp)
[[0;32m  OK  [0m] Started Journal Service.
[[0;32m  OK  [0m] Started udev Coldplug all Devices.
[[0;32m  OK  [0m] Started Create Static Device Nodes in /dev.
[[0;32m  OK  [0m] Started Monitoring of LVM2 mirrors,â€¦sing dmeventd or progress polling.
[[0;32m  OK  [0m] Started File System Check on Root Device.
         Starting Remount Root and Kernel File Systems...
[    9.606416] iscsi: registered transport (iser)
[[0;32m  OK  [0m] Started Load Kernel Modules.
         Mounting FUSE Control File System...
         Mounting Kernel Configuration File System...
         Starting Apply Kernel Variables...
[[0;32m  OK  [0m] Mounted FUSE Control File System[    9.635368] EXT4-fs (sda1): re-mounted. Opts: (null)
.
[[0;32m  OK  [0m] Mounted Kernel Configuration File System.
[[0;32m  OK  [0m] Started Remount Root and Kernel File Systems.
         Starting Load/Save Random Seed...
         Starting Flush Journal to Persistent Storage...
         Starting udev Kernel Device Manager...
[[0;32m  OK  [0m] Started Load/Save Random Seed.
[[0;32m  OK  [0m] Started Set the console keyboard layout.
[[0;32m  OK  [0m] Reached target Local File Systems (Pre).
[[0;32m  OK  [0m] Reached target Local File Systems.
         Starting Commit a transient machine-id on disk...
         Starting Set console font and keymap...
         Starting Tell Plymouth To Write Out Runtime Data...
         Starting AppArmor initialization...
         Starting ebtables ruleset management...
[[0;32m  OK  [0m] Started Apply Kernel Variables.
[[0;32m  OK  [0m] Started Set console font and keymap.
[[0;32m  OK  [0m] Started Tell Plymouth To Write Out Runtime Data.
[[0;32m  OK  [0m] Started udev Kernel Device Manager.
[[0;32m  OK  [0m] Started Dispatch Password Requests to Console Directory Watch.
[[0;32m  OK  [0m] Reached target Local Encrypted Volumes.
[[0;32m  OK  [0m] Started Flush Journal to Persistent Storage.
[[0;32m  OK  [0m] Started Commit a transient machine-id on disk.
         Starting Create Volatile Files and Directories...
[[0;32m  OK  [0m] Started Create Volatile Files and Directories.
         Starting Update UTMP about System Boot/Shutdown...
[[0;32m  OK  [0m] Started ebtables ruleset management.
[[0;32m  OK  [0m] Started Update UTMP about System Boot/Shutdown.
[[0;32m  OK  [0m] Found device /dev/ttyS0.
[[0;32m  OK  [0m] Listening on Load/Save RF Kill Switch Status /dev/rfkill Watch.
[[0;32m  OK  [0m] Started AppArmor initialization.
         Starting Load AppArmor profiles managed internally by snapd...
         Starting Initial cloud-init job (pre-networking)...
[[0;32m  OK  [0m] Started Load AppArmor profiles managed internally by snapd.
[   12.582860] cloud-init[545]: Cloud-init v. 21.1-19-gbad84ad4-0ubuntu1~18.04.2 running 'init-local' at Sat, 22 May 2021 09:47:11 +0000. Up 12.16 seconds.
[[0;32m  OK  [0m] Started Initial cloud-init job (pre-networking).
[[0;32m  OK  [0m] Reached target Network (Pre).
         Starting Network Service...
[[0;32m  OK  [0m] Started Network Service.
         Starting Network Name Resolution...
         Starting Wait for Network to be Configured...
[[0;32m  OK  [0m] Started Network Name Resolution.
[[0;32m  OK  [0m] Reached target Host and Network Name Lookups.
[[0;32m  OK  [0m] Reached target Network.
[[0;32m  OK  [0m] Started Wait for Network to be Configured.
         Starting Initial cloud-init job (metadata service crawler)...
[   15.405189] cloud-init[662]: Cloud-init v. 21.1-19-gbad84ad4-0ubuntu1~18.04.2 running 'init' at Sat, 22 May 2021 09:47:14 +0000. Up 15.22 seconds.
[   15.417676] cloud-init[662]: ci-info: ++++++++++++++++++++++++++++++++++++++Net device info++++++++++++++++++++++++++++++++++++++
[   15.425149] cloud-init[662]: ci-info: +--------+------+----------------------------+---------------+--------+-------------------+
[   15.431639] cloud-init[662]: ci-info: | Device |  Up  |          Address           |      Mask     | Scope  |     Hw-Address    |
[   15.439661] cloud-init[662]: ci-info: +--------+------+----------------------------+---------------+--------+-------------------+
[   15.446984] cloud-init[662]: ci-info: | enp0s3 | True |         10.0.2.15          | 255.255.255.0 | global | 02:99:e6:1d:88:6e |
[   15.454936] cloud-init[662]: ci-info: | enp0s3 | True | fe80::99:e6ff:fe1d:886e/64 |       .       |  link  | 02:99:e6:1d:88:6e |
[   15.463374] cloud-init[662]: ci-info: |   lo   | True |         127.0.0.1          |   255.0.0.0   |  host  |         .         |
[   15.470626] cloud-init[662]: ci-info: |   lo   | True |          ::1/128           |       .       |  host  |         .         |
[   15.479205] cloud-init[662]: ci-info: +--------+------+----------------------------+---------------+--------+-------------------+
[   15.486769] cloud-init[662]: ci-info: ++++++++++++++++++++++++++++Route IPv4 info+++++++++++++++++++++++++++++
[   15.493697] cloud-init[662]: ci-info: +-------+-------------+----------+-----------------+-----------+-------+
[   15.501026] cloud-init[662]: ci-info: | Route | Destination | Gateway  |     Genmask     | Interface | Flags |
[   15.511562] cloud-init[662]: ci-info: +-------+-------------+----------+-----------------+-----------+-------+
[   15.518614] cloud-init[662]: ci-info: |   0   |   0.0.0.0   | 10.0.2.2 |     0.0.0.0     |   enp0s3  |   UG  |
[   15.525788] cloud-init[662]: ci-info: |   1   |   10.0.2.0  | 0.0.0.0  |  255.255.255.0  |   enp0s3  |   U   |
[   15.532873] cloud-init[662]: ci-info: |   2   |   10.0.2.2  | 0.0.0.0  | 255.255.255.255 |   enp0s3  |   UH  |
[   15.540947] cloud-init[662]: ci-info: +-------+-------------+----------+-----------------+-----------+-------+
[   15.547930] cloud-init[662]: ci-info: +++++++++++++++++++Route IPv6 info+++++++++++++++++++
[   15.554264] cloud-init[662]: ci-info: +-------+-------------+---------+-----------+-------+
[   15.561780] cloud-init[662]: ci-info: | Route | Destination | Gateway | Interface | Flags |
[   15.568184] cloud-init[662]: ci-info: +-------+-------------+---------+-----------+-------+
[   15.574934] cloud-init[662]: ci-info: |   1   |  fe80::/64  |    ::   |   enp0s3  |   U   |
[   15.582843] cloud-init[662]: ci-info: |   3   |    local    |    ::   |   enp0s3  |   U   |
[   15.593559] cloud-init[662]: ci-info: |   4   |   ff00::/8  |    ::   |   enp0s3  |   U   |
[   15.602482] cloud-init[662]: ci-info: +-------+-------------+---------+-----------+-------+
[   16.579808] cloud-init[662]: Generating public/private rsa key pair.
[   16.582462] cloud-init[662]: Your identification has been saved in /etc/ssh/ssh_host_rsa_key.
[   16.585779] cloud-init[662]: Your public key has been saved in /etc/ssh/ssh_host_rsa_key.pub.
[   16.589688] cloud-init[662]: The key fingerprint is:
[   16.591866] cloud-init[662]: SHA256:DZksZFQFdAsvuj5RN1mw8uMzfdCFc8H2Iqqz+kmMh4Y root@ubuntu-bionic
[   16.595738] cloud-init[662]: The key's randomart image is:
[   16.597947] cloud-init[662]: +---[RSA 2048]----+
[   16.599908] cloud-init[662]: |     .+o=o+.  .. |
[   16.601823] cloud-init[662]: |     o . * o.  +.|
[   16.623158] cloud-init[662]: |      . B +o  + +|
[   16.625325] cloud-init[662]: |       o.*+ ...+.|
[   16.627068] cloud-init[662]: |      ..S.+o.... |
[   16.628618] cloud-init[662]: |     ..= ..o .   |
[   16.630290] cloud-init[662]: |    E =.+.+ . .  |
[   16.632016] cloud-init[662]: |     o.oo. o .   |
[   16.633580] cloud-init[662]: |      o++o       |
[   16.635062] cloud-init[662]: +----[SHA256]-----+
[   16.636614] cloud-init[662]: Generating public/private dsa key pair.
[   16.639495] cloud-init[662]: Your identification has been saved in /etc/ssh/ssh_host_dsa_key.
[   16.642698] cloud-init[662]: Your public key has been saved in /etc/ssh/ssh_host_dsa_key.pub.
[   16.645309] cloud-init[662]: The key fingerprint is:
[   16.646904] cloud-init[662]: SHA256:ui+Mas3EK29K3qszezGylKZNum9A8o6RM0ix42w78w8 root@ubuntu-bionic
[   16.649890] cloud-init[662]: The key's randomart image is:
[   16.651556] cloud-init[662]: +---[DSA 1024]----+
[   16.653190] [cloud-init[0;32m  OK  [0m[662]: ] |                 |Started Initial cloud-init job (metadata service crawler).

[   16.657361] [cloud-init[0;32m  OK  [0m[662]: ] | .               |Reached target Cloud-config availability.

[   16.660499] cloud-init[662]: |  o              |
[[0;32m  OK  [0m] Reached target System Initialization.
[   16.660596] cloud-init[662]: |.=               |
[   16.665491] cloud-init[662]: |Bo.o    S        |
         Starting LXD - unix socket.
[   16.665626] cloud-init[662]: |B+B =  .         |[
[0;32m  OK  [0m] Listening on Open-iSCSI iscsid Socket.
[[0;32m  OK  [0m] Listening on ACPID Listen Socket.
[   16.673111] cloud-init[662]: |.#oE *.          |
[   16.676753] cloud-init[662]: |+*X.O o.         |
[[0;32m  OK  [0m] Listening on UUID daemon activation socket.
[   16.676857] cloud-init[662]: |.=@&=o.o.        |
[   16.681858] cloud-init[662]: +----[SHA256]-----+
[[0;32m  OK  [0m] Listening on D-Bus System Message Bus Socket.
[   16.681943] cloud-init[662]: Generating public/private ecdsa key pair.
[[0;32m  OK  [0m] Started ACPI Events Check.
[[0;32m  OK  [0m] Reached target Paths.
[[0;32m  OK  [0m] Started Daily Cleanup of Temporary Directories.
[   16.688744] cloud-init[662]: Your identification has been saved in /etc/ssh/ssh_host_ecdsa_key.
[   16.696905] [cloud-init[0;32m  OK  [0m[662]: ] Your public key has been saved in /etc/ssh/ssh_host_ecdsa_key.pub.Started Ubuntu Advantage update messaging.

[   16.701351] [cloud-init[0;32m  OK  [0m[662]: ] The key fingerprint is:Started Message of the Day.

[[0;32m  OK  [0m] Started Daily apt download activities.
[   16.704868] cloud-init[662]: SHA256:UcYodB3eF74Ju4j0hmp4PuOOIPBfb7j3hXAr2g0HQfc root@ubuntu-bionic[
[0;32m  OK  [0m] Started Daily apt upgrade and clean activities.
[[0;32m  OK  [0m] Started Discard unused blocks once a week.[   16.711475] 
cloud-init[662]: The key's randomart image is:
[   16.714781] [cloud-init[0;32m  OK  [0m[662]: ] +---[ECDSA 256]---+Reached target Timers.

[   16.717397]          cloud-initStarting Socket activation for snappy daemon.[662]: 
|     .. o+=.  .  |
[   16.720442] [cloud-init[0;32m  OK  [0m[662]: ] |      .o.=oo . . |Reached target Network is Online.

[   16.723986] [cloud-init[0;32m  OK  [0m[662]: ] |       .o . E o  |Reached target Remote File Systems (Pre).

[[0;32m  OK  [0m] Reached target Remote File Systems.
[   16.727765] cloud-init[662]: |         o   + o |
[   16.731183] cloud-init[662]: |.       S . . o  |
[   16.732922] cloud-init[662]: |..     . B + .   |
         Starting Availability of block devices...
[   16.735212] cloud-init[662]: |. o  ...= B o    |
[[0;32m  OK  [0m] Listening on LXD - unix socket.
[   16.738820] cloud-init[662]: | . o.o*=o* .     |
[[0;32m  OK  [0m] Listening on Socket activation for snappy daemon.
[   16.742286] cloud-init[662]: |    o*B*o.o      |
[   16.745702] [cloud-init[0;32m  OK  [0m[662]: ] +----[SHA256]-----+Started Availability of block devices.

[   16.748821] [cloud-init[0;32m  OK  [0m[662]: ] Generating public/private ed25519 key pair.Reached target Sockets.

[   16.751987] [cloud-init[0;32m  OK  [0m[662]: ] Your identification has been saved in /etc/ssh/ssh_host_ed25519_key.Reached target Basic System.

[   16.756676]          cloud-initStarting Permit User Sessions...[662]: 
Your public key has been saved in /etc/ssh/ssh_host_ed25519_key.pub.
[   16.760811] cloud-init[662]: The key fingerprint is:
[   16.762604] cloud-init[662]: SHA256:DvyK8kK2Lj2GusX1c0MkBqwBcyGPKPrNN1OQ8QtV4cM root@ubuntu-bionic
[   16.765515] cloud-init[662]: The key's randomart image is:
[   16.767466] cloud-init[662]: +--[ED25519 256]--+
[   16.769299] cloud-init[662]: |+.oo. . ..o.     |
[   16.772370] cloud-init[662]: |.*. .. = o       |
         Starting Login Service...
[   16.773888] cloud-init[662]: |+ .o  * o E      |
[   16.781920] cloud-init[662]: |o .  o = . .     |
[   16.785761] cloud-init[662]: |.   . o S        |
         Starting System Logging Service...
[   16.788889] cloud-init[662]: | oo+ . *         |
[   16.794452] cloud-init[662]: | =+.o * =        |
[   16.796887] cloud-init[662]: |o.B  o * .       |
[   16.798696] cloud-init[662]: |+=.=o .          |
[   16.803350] cloud-init[662]: +----[SHA256]-----+
[[0;32m  OK  [0m] Started Regular background program processing daemon.
         Starting LSB: Record successful boot for GRUB...
         Starting Accounts Service...
         Starting Pollinate to seed the pseudo random number generator...
[[0;32m  OK  [0m] Started D-Bus System Message Bus.
         Starting Snap Daemon...
[[0;32m  OK  [0m] Started FUSE filesystem for LXC.
[[0;32m  OK  [0m] Started irqbalance daemon.
[[0;32m  OK  [0m] Started Deferred execution scheduler.
         Starting LSB: automatic crash report generation...
         Starting LXD - container startup/shutdown...
         Starting Dispatcher daemon for systemd-networkd...
         Starting Virtualbox guest utils...
[[0;32m  OK  [0m] Started System Logging Service.
[[0;32m  OK  [0m] Started Permit User Sessions.
[[0;32m  OK  [0m] Started Login Service.
         Starting Authorization Manager...
[[0;32m  OK  [0m] Started Unattended Upgrades Shutdown.
         Starting Terminate Plymouth Boot Screen...
         Starting Hold until boot process finishes up...
[[0;32m  OK  [0m] Started Hold until boot process finishes up.
[[0;32m  OK  [0m] Started Terminate Plymouth Boot Screen.
[[0;32m  OK  [0m] Started Serial Getty on ttyS0.
         Starting Set console scheme...
[[0;32m  OK  [0m] Started LSB: automatic crash report generation.
[[0;32m  OK  [0m] Started Set console scheme.
[[0;32m  OK  [0m] Created slice system-getty.slice.
[[0;32m  OK  [0m] Started Getty on tty1.
[[0;32m  OK  [0m] Reached target Login Prompts.
[[0;32m  OK  [0m] Started LSB: Record successful boot for GRUB.
[[0;32m  OK  [0m] Started Authorization Manager.
[[0;32m  OK  [0m] Started Accounts Service.
[[0;32m  OK  [0m] Started LXD - container startup/shutdown.
[[0;32m  OK  [0m] Started Virtualbox guest utils.
[[0;32m  OK  [0m] Started Dispatcher daemon for systemd-networkd.
[[0;32m  OK  [0m] Started Snap Daemon.
         Starting Wait until snapd is fully seeded...
[[0;32m  OK  [0m] Started Pollinate to seed the pseudo random number generator.
         Starting OpenBSD Secure Shell server...
[[0;32m  OK  [0m] Started OpenBSD Secure Shell server.
[[0;32m  OK  [0m] Created slice User Slice of vagrant.
         Starting User Manager for UID 1000...
[[0;32m  OK  [0m] Started Session 1 of user vagrant.
[[0;32m  OK  [0m] Started User Manager for UID 1000.
[[0;32m  OK  [0m] Started Wait until snapd is fully seeded.
         Starting Apply the settings specified in cloud-config...
[[0;32m  OK  [0m] Reached target Multi-User System.
[[0;32m  OK  [0m] Reached target Graphical Interface.
         Starting Update UTMP about System Runlevel Changes...
[[0;32m  OK  [0m] Started Update UTMP about System Runlevel Changes.
[   23.108453] cloud-init[1311]: Cloud-init v. 21.1-19-gbad84ad4-0ubuntu1~18.04.2 running 'modules:config' at Sat, 22 May 2021 09:47:21 +0000. Up 22.59 seconds.

Ubuntu 18.04.5 LTS ubuntu-bionic ttyS0

ubuntu-bionic login: ci-info: no authorized SSH keys fingerprints found for user ubuntu.
<14>May 22 09:47:22 ec2: 
<14>May 22 09:47:22 ec2: #############################################################
<14>May 22 09:47:22 ec2: -----BEGIN SSH HOST KEY FINGERPRINTS-----
<14>May 22 09:47:22 ec2: 1024 SHA256:ui+Mas3EK29K3qszezGylKZNum9A8o6RM0ix42w78w8 root@ubuntu-bionic (DSA)
<14>May 22 09:47:22 ec2: 256 SHA256:UcYodB3eF74Ju4j0hmp4PuOOIPBfb7j3hXAr2g0HQfc root@ubuntu-bionic (ECDSA)
<14>May 22 09:47:22 ec2: 256 SHA256:DvyK8kK2Lj2GusX1c0MkBqwBcyGPKPrNN1OQ8QtV4cM root@ubuntu-bionic (ED25519)
<14>May 22 09:47:22 ec2: 2048 SHA256:DZksZFQFdAsvuj5RN1mw8uMzfdCFc8H2Iqqz+kmMh4Y root@ubuntu-bionic (RSA)
<14>May 22 09:47:22 ec2: -----END SSH HOST KEY FINGERPRINTS-----
<14>May 22 09:47:22 ec2: #############################################################
-----BEGIN SSH HOST KEY KEYS-----
ecdsa-sha2-nistp256 AAAAE2VjZHNhLXNoYTItbmlzdHAyNTYAAAAIbmlzdHAyNTYAAABBBEqlOdzBk9l4DBr7Wtj6ZxkTrTlJauFpkgnt5R1aPixjz+UZ/9a2DYnTQyhdGA6F3/g2sUQ7H5wOLpD0qjxOC2Y= root@ubuntu-bionic
ssh-ed25519 AAAAC3NzaC1lZDI1NTE5AAAAIPWKl57tAUIO34eUTQcZeKYq0PO2v8c0g1ot3KUXfiih root@ubuntu-bionic
ssh-rsa AAAAB3NzaC1yc2EAAAADAQABAAABAQDZwkDRT9KbJL4VhmXNjGTB6e1Aqvcrh1V9HTktX4Ed+Hqn6jmMyNnUCQw4zqdOOQkN8rCwH6dVe25xoQNzAtbmh2Zx82MJ4UK7uVmKW1UDtMtv5aeEA23q94zsgBVuHy5TcsxeNoO8xffusSXW13qroNtZXD3FkLj7aZvSnSffHscuOozqlViEhslv9LV2Gq2SECWXSSWtx+qyhRiuWixqUo7ngLdDRuLv30DlT45KozQy9uKrHgIS94XJhiyJ2QS3ULWe7fDaRgfvFaASPkRcCKR/HR+3rxVteFOt2wk+kBpznTB/kJX4LQ4x6QUU3J5EBTJ9Foyx/ctCiCUreUVh root@ubuntu-bionic
-----END SSH HOST KEY KEYS-----
[   23.659830] cloud-init[1467]: Cloud-init v. 21.1-19-gbad84ad4-0ubuntu1~18.04.2 running 'modules:final' at Sat, 22 May 2021 09:47:22 +0000. Up 23.52 seconds.
[   23.660608] cloud-init[1467]: ci-info: no authorized SSH keys fingerprints found for user ubuntu.
[   23.661166] cloud-init[1467]: Cloud-init v. 21.1-19-gbad84ad4-0ubuntu1~18.04.2 finished at Sat, 22 May 2021 09:47:22 +0000. Datasource DataSourceNoCloud [seed=/dev/sdb][dsmode=net].  Up 23.65 seconds
